2026-09-21 19:54:45 [INFO] [trading_engine:359] 🚀 Initializing Production Engine for ETHUSDT...
2026-09-21 19:55:31 [INFO] [trading_engine:364] ✅ ETHUSDT historical data initialized.
2026-09-21 20:11:51 [INFO] [trading_engine:375] 🛑 Shutting down Production Engine...
2026-09-21 20:11:51 [INFO] [trading_engine:380] Shutdown complete.
2026-09-21 20:12:01 [INFO] [trading_engine:361] 🚀 Initializing Production Engine for ETHUSDT...
2026-09-21 20:13:30 [INFO] [trading_engine:366] ✅ ETHUSDT historical data initialized.
2026-09-21 21:23:23 [INFO] [trading_engine:369] 🚀 Initializing Production Engine for ETHUSDT...
2026-09-21 21:23:27 [INFO] [trading_engine:374] ✅ ETHUSDT historical data initialized.
2026-09-21 21:24:03 [INFO] [trading_engine:385] 🛑 Shutting down Production Engine...
2026-09-21 21:24:03 [INFO] [trading_engine:390] Shutdown complete.
2026-09-21 21:24:09 [INFO] [trading_engine:369] 🚀 Initializing Production Engine for ETHUSDT...
2026-09-21 21:24:13 [INFO] [trading_engine:374] ✅ ETHUSDT historical data initialized.
2026-09-21 21:24:13 [INFO] [trading_engine:385] 🛑 Shutting down Production Engine...
2026-09-21 21:24:13 [INFO] [trading_engine:390] Shutdown complete.
2026-09-21 21:24:18 [INFO] [trading_engine:369] 🚀 Initializing Production Engine for ETHUSDT...
2026-09-21 21:24:23 [INFO] [trading_engine:374] ✅ ETHUSDT historical data initialized.
2026-09-21 21:24:23 [INFO] [trading_engine:385] 🛑 Shutting down Production Engine...
2026-09-21 21:24:23 [INFO] [trading_engine:390] Shutdown complete.
2026-09-21 21:24:28 [INFO] [trading_engine:369] 🚀 Initializing Production Engine for ETHUSDT...
2026-09-21 21:24:33 [INFO] [trading_engine:374] ✅ ETHUSDT historical data initialized.
2026-09-21 21:26:19 [INFO] [trading_engine:385] 🛑 Shutting down Production Engine...
2026-09-21 21:26:19 [INFO] [trading_engine:390] Shutdown complete.
2026-09-21 21:26:35 [INFO] [trading_engine:444] 🚀 Initializing Production Engine for ETHUSDT...
2026-09-21 21:26:42 [INFO] [trading_engine:449] ✅ ETHUSDT historical data initialized.
2026-09-21 21:27:20 [INFO] [trading_engine:460] 🛑 Shutting down Production Engine...
2026-09-21 21:27:20 [INFO] [trading_engine:465] Shutdown complete.
2026-09-21 21:27:28 [INFO] [trading_engine:444] 🚀 Initializing Production Engine for ETHUSDT...
2026-09-21 21:27:33 [INFO] [trading_engine:449] ✅ ETHUSDT historical data initialized.
2026-09-21 21:28:53 [INFO] [trading_engine:444] 🚀 Initializing Production Engine for ETHUSDT...
2026-09-21 21:28:59 [INFO] [trading_engine:449] ✅ ETHUSDT historical data initialized.
2026-09-21 21:28:59 [INFO] [trading_engine:460] 🛑 Shutting down Production Engine...
2026-09-21 21:28:59 [INFO] [trading_engine:465] Shutdown complete.
2026-09-21 21:29:53 [INFO] [trading_engine:460] 🛑 Shutting down Production Engine...
2026-09-21 21:29:53 [INFO] [trading_engine:465] Shutdown complete.
2026-09-21 21:30:04 [INFO] [trading_engine:444] [STARTUP] Initializing Production Engine for ETHUSDT...
2026-09-21 21:30:09 [INFO] [trading_engine:449] [READY] ETHUSDT historical data initialized.
2026-09-21 21:32:33 [INFO] [trading_engine:444] [STARTUP] Initializing Production Engine for ETHUSDT...
2026-09-21 21:32:44 [INFO] [trading_engine:449] [READY] ETHUSDT historical data initialized.
